Genesis                  cap= 50 vers= 1530 ok
Exodus                   cap= 40 vers= 1211 ok
Leviticus                cap= 27 vers=  858 ok
Numeri                   cap= 36 vers= 1288 ok
Deuteronomium            cap= 34 vers=  959 ok
Josue                    cap= 24 vers=  658 ok
Judicum                  cap= 21 vers=  618 ok
Ruth                     cap=  4 vers=   85 ok
Regum I                  cap= 31 vers=  811 ok
Regum II                 cap= 24 vers=  695 ok
Regum III                cap= 22 vers=  817 ok
Regum IV                 cap= 25 vers=  719 ok
Paralipomenon I          cap= 29 vers=  940 ok
Paralipomenon II         cap= 36 vers=  822 ok
Esdræ                    cap= 10 vers=  280 ok
Nehemiæ                  cap= 13 vers=  404 ok
Tobiæ                    cap= 14 vers=  298 ok
Judith                   cap= 16 vers=  346 ok
Esther                   cap= 16 vers=  275 ok
Job                      cap= 42 vers= 1070 ok
Psalmi                   cap=150 vers= 2527 ok
Proverbia                cap= 31 vers=  915 ok
Ecclesiastes             cap= 12 vers=  222 ok
Canticum Canticorum      cap=  8 vers=  116 ok
Sapientia                cap= 19 vers=  439 ok
Ecclesiasticus           cap= 51 vers= 1592 ok
Isaias                   cap= 66 vers= 1292 ok
Jeremias                 cap= 52 vers= 1363 ok
Lamentationes            cap=  5 vers=  154 ok
Baruch                   cap=  6 vers=  213 ok
Ezechiel                 cap= 48 vers= 1272 ok
Daniel                   cap= 14 vers=  531 ok
Osee                     cap= 14 vers=  198 ok
Joel                     cap=  3 vers=   73 ok
Amos                     cap=  9 vers=  147 ok
Abdias                   cap=  1 vers=   21 ok
Jonas                    cap=  4 vers=   48 ok
Michæa                   cap=  7 vers=  104 ok
Nahum                    cap=  3 vers=   47 ok
Habacuc                  cap=  3 vers=   56 ok
Sophonias                cap=  3 vers=   53 ok
Aggæus                   cap=  2 vers=   38 ok
Zacharias                cap= 14 vers=  211 ok
Malachias                cap=  4 vers=   55 ok
Machabæorum I            cap= 16 vers=  929 ok
Machabæorum II           cap= 15 vers=  558 ok
Matthæus                 cap= 28 vers= 1070 ok
Marcus                   cap= 16 vers=  677 ok
Lucas                    cap= 24 vers= 1151 ok
Joannes                  cap= 21 vers=  880 ok
Actus Apostolorum        cap= 28 vers= 1004 ok
Ad Romanos               cap= 16 vers=  433 ok
Ad Corinthios I          cap= 16 vers=  437 ok
Ad Corinthios II         cap= 13 vers=  256 ok
Ad Galatas               cap=  6 vers=  149 ok
Ad Ephesios              cap=  6 vers=  155 ok
Ad Philippenses          cap=  4 vers=  104 ok
Ad Colossenses           cap=  4 vers=   95 ok
Ad Thessalonicenses I    cap=  5 vers=   89 ok
Ad Thessalonicenses II   cap=  3 vers=   47 ok
Ad Timotheum I           cap=  6 vers=  113 ok
Ad Timotheum II          cap=  4 vers=   83 ok
Ad Titum                 cap=  3 vers=   46 ok
Ad Philemonem            cap=  1 vers=   25 ok
Ad Hebræos               cap= 13 vers=  303 ok
Jacobi                   cap=  5 vers=  108 ok
Petri I                  cap=  5 vers=  105 ok
Petri II                 cap=  3 vers=   61 ok
Joannis I                cap=  5 vers=  105 ok
Joannis II               cap=  1 vers=   13 ok
Joannis III              cap=  1 vers=   14 ok
Judæ                     cap=  1 vers=   25 ok
Apocalypsis              cap= 22 vers=  405 ok

TOTAL: 73 libros, 1334 capitulos, 35811 versiculos
